Build started 3/15/2026 5:39:20 PM.
     1>Project "E:\Game project\Game\Afterburn-V-0.1\Afterburn V 0.1\Afterburn V 0.1.vcxproj" on node 2 (Build target(s)).
     1>ClCompile:
         E:\Softwere and games\VC\bin\CL.exe /c /ZI /nologo /W3 /WX- /sdl /Od /Oy- /D _MBCS /Gm /EHsc /RTC1 /MDd /GS /fp:precise /Zc:wchar_t /Zc:forScope /Fo"Debug\\" /Fd"Debug\vc120.pdb" /Gd /TP /analyze- /errorReport:prompt iMain.cpp menu.cpp options.cpp
         menu.cpp
     1>e:\game project\game\afterburn-v-0.1\afterburn v 0.1\glut.h(308): warning C4005: 'GLUT_BITMAP_TIMES_ROMAN_24' : macro redefinition
                 e:\game project\game\afterburn-v-0.1\afterburn v 0.1\menu.cpp(29) : see previous definition of 'GLUT_BITMAP_TIMES_ROMAN_24'
     1>e:\game project\game\afterburn-v-0.1\afterburn v 0.1\glut.h(312): warning C4005: 'GLUT_BITMAP_HELVETICA_18' : macro redefinition
                 e:\game project\game\afterburn-v-0.1\afterburn v 0.1\menu.cpp(26) : see previous definition of 'GLUT_BITMAP_HELVETICA_18'
         iMain.cpp
         Generating Code...
         Compiling...
         options.cpp
         Generating Code...
       Link:
         E:\Softwere and games\VC\bin\link.exe /ERRORREPORT:PROMPT /OUT:"E:\Game project\Game\Afterburn-V-0.1\Debug\Afterburn V 0.1.exe" /INCREMENTAL /NOLOGO kernel32.lib user32.lib gdi32.lib winspool.lib comdlg32.lib advapi32.lib shell32.lib ole32.lib oleaut32.lib uuid.lib odbc32.lib odbccp32.lib /MANIFEST /MANIFESTUAC:"level='asInvoker' uiAccess='false'" /manifest:embed /DEBUG /PDB:"E:\Game project\Game\Afterburn-V-0.1\Debug\Afterburn V 0.1.pdb" /TLBID:1 /DYNAMICBASE /NXCOMPAT /IMPLIB:"E:\Game project\Game\Afterburn-V-0.1\Debug\Afterburn V 0.1.lib" /MACHINE:X86 Debug\iMain.obj
         Debug\menu.obj
         Debug\options.obj
         Afterburn V 0.1.vcxproj -> E:\Game project\Game\Afterburn-V-0.1\Debug\Afterburn V 0.1.exe
     1>Done Building Project "E:\Game project\Game\Afterburn-V-0.1\Afterburn V 0.1\Afterburn V 0.1.vcxproj" (Build target(s)).

Build succeeded.

Time Elapsed 00:00:01.62
